py : Traceback (most recent 
call last):
At line:1 char:1
+ py -c "from src.interfaces
.api.auth_routes import 
get_current_user" 2 ...
+ ~~~~~~~~~~~~~~~~~~~~~~~~~~
~~~~~~~~~~~~~~~~~~~~~~~~~~~~
~~~~~~~~~~~~~~~
    + CategoryInfo          
    : NotSpecified: (Trace  
  back (most recent call    
 last)::String) [], Remo    
teException
    + FullyQualifiedErrorId 
    : NativeCommandError
 
  File "<string>", line 1, 
in <module>
    from src.interfaces.api.
auth_routes import 
get_current_user
  File "C:\Users\60nin\OneDr
ive\Desktop\Graduation\Draco
sec-Graduation\backend\src\i
nterfaces\api\auth_routes.py
", line 2, in <module>
    from fastapi.security 
import HTTPBearer, 
HTTPAuthCredentials
ImportError: cannot import 
name 'HTTPAuthCredentials' 
from 'fastapi.security' (C:\
Users\60nin\AppData\Local\Pr
ograms\Python\Python313\Lib\
site-packages\fastapi\securi
ty\__init__.py)
